{
  "version": "1.5.0",
  "plugins_used": [
    {
      "name": "ArtifactoryDetector"
    },
    {
      "name": "AWSKeyDetector"
    },
    {
      "name": "AzureStorageKeyDetector"
    },
    {
      "name": "Base64HighEntropyString",
      "limit": 4.5
    },
    {
      "name": "BasicAuthDetector"
    },
    {
      "name": "CloudantDetector"
    },
    {
      "name": "DiscordBotTokenDetector"
    },
    {
      "name": "GitHubTokenDetector"
    },
    {
      "name": "GitLabTokenDetector"
    },
    {
      "name": "HexHighEntropyString",
      "limit": 3.0
    },
    {
      "name": "IbmCloudIamDetector"
    },
    {
      "name": "IbmCosHmacDetector"
    },
    {
      "name": "IPPublicDetector"
    },
    {
      "name": "JwtTokenDetector"
    },
    {
      "name": "KeywordDetector",
      "keyword_exclude": ""
    },
    {
      "name": "MailchimpDetector"
    },
    {
      "name": "NpmDetector"
    },
    {
      "name": "OpenAIDetector"
    },
    {
      "name": "PrivateKeyDetector"
    },
    {
      "name": "PypiTokenDetector"
    },
    {
      "name": "SendGridDetector"
    },
    {
      "name": "SlackDetector"
    },
    {
      "name": "SoftlayerDetector"
    },
    {
      "name": "SquareOAuthDetector"
    },
    {
      "name": "StripeDetector"
    },
    {
      "name": "TelegramBotTokenDetector"
    },
    {
      "name": "TwilioKeyDetector"
    }
  ],
  "filters_used": [
    {
      "path": "detect_secrets.filters.allowlist.is_line_allowlisted"
    },
    {
      "path": "detect_secrets.filters.common.is_ignored_due_to_verification_policies",
      "min_level": 2
    },
    {
      "path": "detect_secrets.filters.heuristic.is_indirect_reference"
    },
    {
      "path": "detect_secrets.filters.heuristic.is_likely_id_string"
    },
    {
      "path": "detect_secrets.filters.heuristic.is_lock_file"
    },
    {
      "path": "detect_secrets.filters.heuristic.is_not_alphanumeric_string"
    },
    {
      "path": "detect_secrets.filters.heuristic.is_potential_uuid"
    },
    {
      "path": "detect_secrets.filters.heuristic.is_prefixed_with_dollar_sign"
    },
    {
      "path": "detect_secrets.filters.heuristic.is_sequential_string"
    },
    {
      "path": "detect_secrets.filters.heuristic.is_swagger_file"
    },
    {
      "path": "detect_secrets.filters.heuristic.is_templated_secret"
    },
    {
      "path": "detect_secrets.filters.regex.should_exclude_file",
      "pattern": [
        "^internal/",
        "uv\\.lock$",
        "package-lock\\.json$",
        "^\\.secrets\\.baseline$"
      ]
    }
  ],
  "results": {
    ".gitleaks.toml": [
      {
        "type": "Secret Keyword",
        "filename": ".gitleaks.toml",
        "hashed_secret": "a378dc2d135dd0815d3f60a1cea61b3bcfeea9b0",
        "is_verified": false,
        "line_number": 26
      }
    ],
    "e2e/api/conftest.py": [
      {
        "type": "Secret Keyword",
        "filename": "e2e/api/conftest.py",
        "hashed_secret": "c60dd3d54ebc259f3e94ab2df311dfaa63429c13",
        "is_verified": false,
        "line_number": 27
      }
    ],
    "e2e/api/test_auth.py": [
      {
        "type": "Secret Keyword",
        "filename": "e2e/api/test_auth.py",
        "hashed_secret": "c60dd3d54ebc259f3e94ab2df311dfaa63429c13",
        "is_verified": false,
        "line_number": 13
      },
      {
        "type": "Secret Keyword",
        "filename": "e2e/api/test_auth.py",
        "hashed_secret": "29e582db71de6275ee2de2437564ff5d876bec01",
        "is_verified": false,
        "line_number": 68
      }
    ],
    "e2e/api/test_fresh_setup.py": [
      {
        "type": "Secret Keyword",
        "filename": "e2e/api/test_fresh_setup.py",
        "hashed_secret": "4c9f298b499d40cd2972af0e7aa87c0ff694cefb",
        "is_verified": false,
        "line_number": 37
      }
    ],
    "e2e/browser/conftest.py": [
      {
        "type": "Secret Keyword",
        "filename": "e2e/browser/conftest.py",
        "hashed_secret": "c60dd3d54ebc259f3e94ab2df311dfaa63429c13",
        "is_verified": false,
        "line_number": 30
      }
    ],
    "e2e/browser/test_mobile_layout.py": [
      {
        "type": "Secret Keyword",
        "filename": "e2e/browser/test_mobile_layout.py",
        "hashed_secret": "c60dd3d54ebc259f3e94ab2df311dfaa63429c13",
        "is_verified": false,
        "line_number": 109
      }
    ],
    "e2e/fixtures/snapshots/refresh.py": [
      {
        "type": "Secret Keyword",
        "filename": "e2e/fixtures/snapshots/refresh.py",
        "hashed_secret": "c60dd3d54ebc259f3e94ab2df311dfaa63429c13",
        "is_verified": false,
        "line_number": 53
      }
    ],
    "e2e/migrations/test_migration_roundtrip.py": [
      {
        "type": "Secret Keyword",
        "filename": "e2e/migrations/test_migration_roundtrip.py",
        "hashed_secret": "c60dd3d54ebc259f3e94ab2df311dfaa63429c13",
        "is_verified": false,
        "line_number": 53
      }
    ],
    "packages/cli/tests/test_cmd_config.py": [
      {
        "type": "Secret Keyword",
        "filename": "packages/cli/tests/test_cmd_config.py",
        "hashed_secret": "3be9f957f29f905f10f7b652cab1c95ba8a2c205",
        "is_verified": false,
        "line_number": 85
      }
    ],
    "packages/cli/tests/test_cmd_setup.py": [
      {
        "type": "Secret Keyword",
        "filename": "packages/cli/tests/test_cmd_setup.py",
        "hashed_secret": "9821a58bf3a3116858a12cdd05486373a6300eeb",
        "is_verified": false,
        "line_number": 717
      }
    ],
    "packages/cli/tests/test_cmd_source_misc.py": [
      {
        "type": "Hex High Entropy String",
        "filename": "packages/cli/tests/test_cmd_source_misc.py",
        "hashed_secret": "90bd1b48e958257948487b90bee080ba5ed00caa",
        "is_verified": false,
        "line_number": 185
      }
    ],
    "packages/cli/tests/test_utils_cli.py": [
      {
        "type": "Secret Keyword",
        "filename": "packages/cli/tests/test_utils_cli.py",
        "hashed_secret": "76ce15edd5a8548603b6fd281d185f323234758f",
        "is_verified": false,
        "line_number": 54
      },
      {
        "type": "Secret Keyword",
        "filename": "packages/cli/tests/test_utils_cli.py",
        "hashed_secret": "e2c786c60e8fb4620403ebbd4ec4fd8e8766370e",
        "is_verified": false,
        "line_number": 67
      },
      {
        "type": "Secret Keyword",
        "filename": "packages/cli/tests/test_utils_cli.py",
        "hashed_secret": "9a44095cf169f695239c90bab518a3c073b59898",
        "is_verified": false,
        "line_number": 80
      }
    ],
    "packages/cli/tests/unit/benchmark/test_orchestrator_more.py": [
      {
        "type": "Secret Keyword",
        "filename": "packages/cli/tests/unit/benchmark/test_orchestrator_more.py",
        "hashed_secret": "bb3be8e9392f90cd6fdd90f9ffc3cc40e2d6b670",
        "is_verified": false,
        "line_number": 259
      },
      {
        "type": "Secret Keyword",
        "filename": "packages/cli/tests/unit/benchmark/test_orchestrator_more.py",
        "hashed_secret": "845fa28a5bf5d82cfa91a00ef9cf6cca8aef00db",
        "is_verified": false,
        "line_number": 304
      }
    ],
    "packages/core/README.md": [
      {
        "type": "Secret Keyword",
        "filename": "packages/core/README.md",
        "hashed_secret": "ec3810e10fb78db55ce38b9c18d1c3eb1db739e0",
        "is_verified": false,
        "line_number": 16
      }
    ],
    "packages/core/src/chaoscypher_core/adapters/embedding/gemini_provider.py": [
      {
        "type": "Secret Keyword",
        "filename": "packages/core/src/chaoscypher_core/adapters/embedding/gemini_provider.py",
        "hashed_secret": "1ccebc9638f47c80fc388173e346b2fa51178cca",
        "is_verified": false,
        "line_number": 49
      }
    ],
    "packages/core/src/chaoscypher_core/adapters/embedding/openai_provider.py": [
      {
        "type": "Secret Keyword",
        "filename": "packages/core/src/chaoscypher_core/adapters/embedding/openai_provider.py",
        "hashed_secret": "ec3810e10fb78db55ce38b9c18d1c3eb1db739e0",
        "is_verified": false,
        "line_number": 48
      }
    ],
    "packages/core/src/chaoscypher_core/bootstrap.py": [
      {
        "type": "Secret Keyword",
        "filename": "packages/core/src/chaoscypher_core/bootstrap.py",
        "hashed_secret": "ec3810e10fb78db55ce38b9c18d1c3eb1db739e0",
        "is_verified": false,
        "line_number": 143
      }
    ],
    "packages/core/src/chaoscypher_core/facade.py": [
      {
        "type": "Secret Keyword",
        "filename": "packages/core/src/chaoscypher_core/facade.py",
        "hashed_secret": "ec3810e10fb78db55ce38b9c18d1c3eb1db739e0",
        "is_verified": false,
        "line_number": 13
      }
    ],
    "packages/core/src/chaoscypher_core/services/local_auth/api_keys.py": [
      {
        "type": "Secret Keyword",
        "filename": "packages/core/src/chaoscypher_core/services/local_auth/api_keys.py",
        "hashed_secret": "d43fe93efa8921f5aa6ca4da33f59bda1d818134",
        "is_verified": false,
        "line_number": 16
      }
    ],
    "packages/core/tests/property/test_id_properties.py": [
      {
        "type": "Base64 High Entropy String",
        "filename": "packages/core/tests/property/test_id_properties.py",
        "hashed_secret": "63906a17c4247f957df2a7da49615fb7527e6dd6",
        "is_verified": false,
        "line_number": 30
      }
    ],
    "packages/core/tests/unit/adapters/embedding/test_factory.py": [
      {
        "type": "Secret Keyword",
        "filename": "packages/core/tests/unit/adapters/embedding/test_factory.py",
        "hashed_secret": "69dba6dfc0be932d10cdbfaae770c300cd7e0e3c",
        "is_verified": false,
        "line_number": 131
      },
      {
        "type": "Secret Keyword",
        "filename": "packages/core/tests/unit/adapters/embedding/test_factory.py",
        "hashed_secret": "a87e46aa5444913dbfef6442db8748583645d5d8",
        "is_verified": false,
        "line_number": 158
      }
    ],
    "packages/core/tests/unit/adapters/embedding/test_gemini_provider.py": [
      {
        "type": "Secret Keyword",
        "filename": "packages/core/tests/unit/adapters/embedding/test_gemini_provider.py",
        "hashed_secret": "2e7a7ee14caebf378fc32d6cf6f557f347c96773",
        "is_verified": false,
        "line_number": 26
      }
    ],
    "packages/core/tests/unit/adapters/embedding/test_openai_provider.py": [
      {
        "type": "Secret Keyword",
        "filename": "packages/core/tests/unit/adapters/embedding/test_openai_provider.py",
        "hashed_secret": "69dba6dfc0be932d10cdbfaae770c300cd7e0e3c",
        "is_verified": false,
        "line_number": 26
      }
    ],
    "packages/core/tests/unit/adapters/llm/test_anthropic_sync_path.py": [
      {
        "type": "Secret Keyword",
        "filename": "packages/core/tests/unit/adapters/llm/test_anthropic_sync_path.py",
        "hashed_secret": "fd9a45bc0b07706d849cf85021ecf9123fa83d82",
        "is_verified": false,
        "line_number": 31
      }
    ],
    "packages/core/tests/unit/adapters/llm/test_finish_reason_propagated.py": [
      {
        "type": "Secret Keyword",
        "filename": "packages/core/tests/unit/adapters/llm/test_finish_reason_propagated.py",
        "hashed_secret": "e9a5f12a8ecbb3eb46eca5096b5c52aa5e7c9fdd",
        "is_verified": false,
        "line_number": 114
      },
      {
        "type": "Secret Keyword",
        "filename": "packages/core/tests/unit/adapters/llm/test_finish_reason_propagated.py",
        "hashed_secret": "fd9a45bc0b07706d849cf85021ecf9123fa83d82",
        "is_verified": false,
        "line_number": 147
      },
      {
        "type": "Secret Keyword",
        "filename": "packages/core/tests/unit/adapters/llm/test_finish_reason_propagated.py",
        "hashed_secret": "e6903f57aaf988e417fafb14d21c5dab05d5608e",
        "is_verified": false,
        "line_number": 212
      }
    ],
    "packages/core/tests/unit/adapters/llm/test_gemini_sync_path.py": [
      {
        "type": "Secret Keyword",
        "filename": "packages/core/tests/unit/adapters/llm/test_gemini_sync_path.py",
        "hashed_secret": "63d185ab613a8f4ba8a3f2669f49e8df82bff53f",
        "is_verified": false,
        "line_number": 31
      }
    ],
    "packages/core/tests/unit/adapters/llm/test_openai_sync_path.py": [
      {
        "type": "Secret Keyword",
        "filename": "packages/core/tests/unit/adapters/llm/test_openai_sync_path.py",
        "hashed_secret": "e9a5f12a8ecbb3eb46eca5096b5c52aa5e7c9fdd",
        "is_verified": false,
        "line_number": 31
      }
    ],
    "packages/core/tests/unit/adapters/llm/test_provider_output_caps.py": [
      {
        "type": "Secret Keyword",
        "filename": "packages/core/tests/unit/adapters/llm/test_provider_output_caps.py",
        "hashed_secret": "e9a5f12a8ecbb3eb46eca5096b5c52aa5e7c9fdd",
        "is_verified": false,
        "line_number": 44
      },
      {
        "type": "Secret Keyword",
        "filename": "packages/core/tests/unit/adapters/llm/test_provider_output_caps.py",
        "hashed_secret": "3acfb2c2b433c0ea7ff107e33df91b18e52f960f",
        "is_verified": false,
        "line_number": 115
      }
    ],
    "packages/core/tests/unit/adapters/llm/test_provider_timeouts.py": [
      {
        "type": "Secret Keyword",
        "filename": "packages/core/tests/unit/adapters/llm/test_provider_timeouts.py",
        "hashed_secret": "e9a5f12a8ecbb3eb46eca5096b5c52aa5e7c9fdd",
        "is_verified": false,
        "line_number": 42
      },
      {
        "type": "Secret Keyword",
        "filename": "packages/core/tests/unit/adapters/llm/test_provider_timeouts.py",
        "hashed_secret": "fd9a45bc0b07706d849cf85021ecf9123fa83d82",
        "is_verified": false,
        "line_number": 69
      },
      {
        "type": "Secret Keyword",
        "filename": "packages/core/tests/unit/adapters/llm/test_provider_timeouts.py",
        "hashed_secret": "e6903f57aaf988e417fafb14d21c5dab05d5608e",
        "is_verified": false,
        "line_number": 93
      }
    ],
    "packages/core/tests/unit/app_config/test_masking.py": [
      {
        "type": "Secret Keyword",
        "filename": "packages/core/tests/unit/app_config/test_masking.py",
        "hashed_secret": "f39f1a6d417fecbdf98af924a6b13a9af8fef406",
        "is_verified": false,
        "line_number": 86
      },
      {
        "type": "Secret Keyword",
        "filename": "packages/core/tests/unit/app_config/test_masking.py",
        "hashed_secret": "3be9f957f29f905f10f7b652cab1c95ba8a2c205",
        "is_verified": false,
        "line_number": 89
      },
      {
        "type": "Secret Keyword",
        "filename": "packages/core/tests/unit/app_config/test_masking.py",
        "hashed_secret": "f3bbbd66a63d4bf1747940578ec3d0103530e21d",
        "is_verified": false,
        "line_number": 97
      },
      {
        "type": "Secret Keyword",
        "filename": "packages/core/tests/unit/app_config/test_masking.py",
        "hashed_secret": "b8350d6ec1d21916ad3e0ac5cfc0905e76bbbfd1",
        "is_verified": false,
        "line_number": 171
      },
      {
        "type": "Secret Keyword",
        "filename": "packages/core/tests/unit/app_config/test_masking.py",
        "hashed_secret": "7ad39d2eca74d49bcc1a5e6875337948d7c8333e",
        "is_verified": false,
        "line_number": 188
      }
    ],
    "packages/core/tests/unit/app_config/test_secret_persistence.py": [
      {
        "type": "Secret Keyword",
        "filename": "packages/core/tests/unit/app_config/test_secret_persistence.py",
        "hashed_secret": "99cc341888ab4ca70a6d378f12fc1662d5f567db",
        "is_verified": false,
        "line_number": 35
      },
      {
        "type": "Secret Keyword",
        "filename": "packages/core/tests/unit/app_config/test_secret_persistence.py",
        "hashed_secret": "bed330b18d850e38f22fca05747dad0c58215ccb",
        "is_verified": false,
        "line_number": 36
      },
      {
        "type": "Secret Keyword",
        "filename": "packages/core/tests/unit/app_config/test_secret_persistence.py",
        "hashed_secret": "8e278428bd59240fff3d1dda39e322a861d639e8",
        "is_verified": false,
        "line_number": 37
      },
      {
        "type": "Secret Keyword",
        "filename": "packages/core/tests/unit/app_config/test_secret_persistence.py",
        "hashed_secret": "5ab5da63b1fda5a2d4f5c82e66e5136314360a1e",
        "is_verified": false,
        "line_number": 39
      },
      {
        "type": "Secret Keyword",
        "filename": "packages/core/tests/unit/app_config/test_secret_persistence.py",
        "hashed_secret": "392b1aa9a57f0e0b7388dd3e871ad496c31d50ef",
        "is_verified": false,
        "line_number": 58
      }
    ],
    "packages/core/tests/unit/services/diagnostics/test_collector.py": [
      {
        "type": "Secret Keyword",
        "filename": "packages/core/tests/unit/services/diagnostics/test_collector.py",
        "hashed_secret": "e673920b7e2660b157b1e094c31d812a188b8c6e",
        "is_verified": false,
        "line_number": 46
      },
      {
        "type": "Secret Keyword",
        "filename": "packages/core/tests/unit/services/diagnostics/test_collector.py",
        "hashed_secret": "f3bbbd66a63d4bf1747940578ec3d0103530e21d",
        "is_verified": false,
        "line_number": 48
      },
      {
        "type": "Secret Keyword",
        "filename": "packages/core/tests/unit/services/diagnostics/test_collector.py",
        "hashed_secret": "3be9f957f29f905f10f7b652cab1c95ba8a2c205",
        "is_verified": false,
        "line_number": 55
      }
    ],
    "packages/core/tests/unit/services/llm/test_health.py": [
      {
        "type": "Secret Keyword",
        "filename": "packages/core/tests/unit/services/llm/test_health.py",
        "hashed_secret": "76ffca00ec48fd4704b8675317f819da03627741",
        "is_verified": false,
        "line_number": 77
      },
      {
        "type": "Secret Keyword",
        "filename": "packages/core/tests/unit/services/llm/test_health.py",
        "hashed_secret": "fe72967536aedcae9b1b1e4eaf2c53494e17a638",
        "is_verified": false,
        "line_number": 92
      },
      {
        "type": "Secret Keyword",
        "filename": "packages/core/tests/unit/services/llm/test_health.py",
        "hashed_secret": "768a615412541e69b49841a8c95e7291215bfd54",
        "is_verified": false,
        "line_number": 104
      },
      {
        "type": "Secret Keyword",
        "filename": "packages/core/tests/unit/services/llm/test_health.py",
        "hashed_secret": "33e0f653e58855285296d01bbae616be810b3197",
        "is_verified": false,
        "line_number": 116
      },
      {
        "type": "Base64 High Entropy String",
        "filename": "packages/core/tests/unit/services/llm/test_health.py",
        "hashed_secret": "d3946f99f6f882d1b1956e8be426f40b1edd2d2b",
        "is_verified": false,
        "line_number": 128
      },
      {
        "type": "Secret Keyword",
        "filename": "packages/core/tests/unit/services/llm/test_health.py",
        "hashed_secret": "d3946f99f6f882d1b1956e8be426f40b1edd2d2b",
        "is_verified": false,
        "line_number": 128
      }
    ],
    "packages/core/tests/unit/services/local_auth/test_credentials.py": [
      {
        "type": "Secret Keyword",
        "filename": "packages/core/tests/unit/services/local_auth/test_credentials.py",
        "hashed_secret": "0962a7cb4134f2f05300da9ae6af48e8982c9503",
        "is_verified": false,
        "line_number": 162
      }
    ],
    "packages/core/tests/unit/services/local_auth/test_session.py": [
      {
        "type": "Hex High Entropy String",
        "filename": "packages/core/tests/unit/services/local_auth/test_session.py",
        "hashed_secret": "b1775a785f09a6ebaf2dc33d6eaeb98974d9cdb8",
        "is_verified": false,
        "line_number": 19
      }
    ],
    "packages/core/tests/unit/test_facade.py": [
      {
        "type": "Secret Keyword",
        "filename": "packages/core/tests/unit/test_facade.py",
        "hashed_secret": "e9a5f12a8ecbb3eb46eca5096b5c52aa5e7c9fdd",
        "is_verified": false,
        "line_number": 253
      },
      {
        "type": "Secret Keyword",
        "filename": "packages/core/tests/unit/test_facade.py",
        "hashed_secret": "fd9a45bc0b07706d849cf85021ecf9123fa83d82",
        "is_verified": false,
        "line_number": 265
      },
      {
        "type": "Secret Keyword",
        "filename": "packages/core/tests/unit/test_facade.py",
        "hashed_secret": "3bd13083ac960ef22997c841b291e5f48ac557d9",
        "is_verified": false,
        "line_number": 276
      }
    ],
    "packages/core/tests/unit/test_settings_env.py": [
      {
        "type": "Secret Keyword",
        "filename": "packages/core/tests/unit/test_settings_env.py",
        "hashed_secret": "f10317c27ca4d2ef628b2690766ceca20f8668ac",
        "is_verified": false,
        "line_number": 21
      },
      {
        "type": "Secret Keyword",
        "filename": "packages/core/tests/unit/test_settings_env.py",
        "hashed_secret": "fd9a45bc0b07706d849cf85021ecf9123fa83d82",
        "is_verified": false,
        "line_number": 28
      },
      {
        "type": "Secret Keyword",
        "filename": "packages/core/tests/unit/test_settings_env.py",
        "hashed_secret": "3bd13083ac960ef22997c841b291e5f48ac557d9",
        "is_verified": false,
        "line_number": 35
      },
      {
        "type": "Secret Keyword",
        "filename": "packages/core/tests/unit/test_settings_env.py",
        "hashed_secret": "8f81a348e1de8f4d779816059377767e8ae2a4a4",
        "is_verified": false,
        "line_number": 42
      }
    ],
    "packages/cortex/tests/unit/features/health/test_api.py": [
      {
        "type": "Secret Keyword",
        "filename": "packages/cortex/tests/unit/features/health/test_api.py",
        "hashed_secret": "b4b563f8fdcc8c099d4f0b3a07b6494bbded8da5",
        "is_verified": false,
        "line_number": 87
      }
    ],
    "packages/cortex/tests/unit/features/health/test_health_service_coverage.py": [
      {
        "type": "Secret Keyword",
        "filename": "packages/cortex/tests/unit/features/health/test_health_service_coverage.py",
        "hashed_secret": "69dba6dfc0be932d10cdbfaae770c300cd7e0e3c",
        "is_verified": false,
        "line_number": 66
      }
    ],
    "packages/cortex/tests/unit/features/local_auth/test_api.py": [
      {
        "type": "Secret Keyword",
        "filename": "packages/cortex/tests/unit/features/local_auth/test_api.py",
        "hashed_secret": "c0f6de7026e5f369222260d265e766f910e5038f",
        "is_verified": false,
        "line_number": 52
      },
      {
        "type": "Secret Keyword",
        "filename": "packages/cortex/tests/unit/features/local_auth/test_api.py",
        "hashed_secret": "c00791150fb69d5894ff1305a091e7d8982fdbe8",
        "is_verified": false,
        "line_number": 61
      },
      {
        "type": "Secret Keyword",
        "filename": "packages/cortex/tests/unit/features/local_auth/test_api.py",
        "hashed_secret": "96bae5860b03a0d1903d254072afb3e91cafc37e",
        "is_verified": false,
        "line_number": 76
      },
      {
        "type": "Secret Keyword",
        "filename": "packages/cortex/tests/unit/features/local_auth/test_api.py",
        "hashed_secret": "adad1ed3536231e949e8c8a1c4437bad206d739a",
        "is_verified": false,
        "line_number": 105
      },
      {
        "type": "Secret Keyword",
        "filename": "packages/cortex/tests/unit/features/local_auth/test_api.py",
        "hashed_secret": "10335249352c34b66b8ab2038ece7dd62317fa23",
        "is_verified": false,
        "line_number": 254
      },
      {
        "type": "Secret Keyword",
        "filename": "packages/cortex/tests/unit/features/local_auth/test_api.py",
        "hashed_secret": "f530fde5e6b1c4cf77065b9b38b5f4e61046ffd3",
        "is_verified": false,
        "line_number": 275
      }
    ],
    "packages/cortex/tests/unit/features/logs/test_service.py": [
      {
        "type": "Secret Keyword",
        "filename": "packages/cortex/tests/unit/features/logs/test_service.py",
        "hashed_secret": "a94a8fe5ccb19ba61c4c0873d391e987982fbbd3",
        "is_verified": false,
        "line_number": 99
      }
    ],
    "packages/cortex/tests/unit/features/logs/test_supervisor_url.py": [
      {
        "type": "Secret Keyword",
        "filename": "packages/cortex/tests/unit/features/logs/test_supervisor_url.py",
        "hashed_secret": "5d5a3840a631387d8e78ab844e375a5ba4a41e5b",
        "is_verified": false,
        "line_number": 32
      },
      {
        "type": "Basic Auth Credentials",
        "filename": "packages/cortex/tests/unit/features/logs/test_supervisor_url.py",
        "hashed_secret": "5561020ac01fee93a57def5a1d39bdb8954fcb47",
        "is_verified": false,
        "line_number": 43
      }
    ],
    "packages/cortex/tests/unit/features/tools/test_tool_handlers.py": [
      {
        "type": "Secret Keyword",
        "filename": "packages/cortex/tests/unit/features/tools/test_tool_handlers.py",
        "hashed_secret": "e5e9fa1ba31ecd1ae84f75caaa474f3a663f05f4",
        "is_verified": false,
        "line_number": 64
      },
      {
        "type": "Secret Keyword",
        "filename": "packages/cortex/tests/unit/features/tools/test_tool_handlers.py",
        "hashed_secret": "e48c47f1431afd3bb030deea266b4309e2228c5b",
        "is_verified": false,
        "line_number": 312
      }
    ],
    "packages/docs/docs/developer-guide/llm-providers.md": [
      {
        "type": "Secret Keyword",
        "filename": "packages/docs/docs/developer-guide/llm-providers.md",
        "hashed_secret": "ec3810e10fb78db55ce38b9c18d1c3eb1db739e0",
        "is_verified": false,
        "line_number": 207
      },
      {
        "type": "Secret Keyword",
        "filename": "packages/docs/docs/developer-guide/llm-providers.md",
        "hashed_secret": "c7a8c334eef5d1749fface7d42c66f9ae5e8cf36",
        "is_verified": false,
        "line_number": 221
      }
    ],
    "packages/docs/docs/developer-guide/quickstart.md": [
      {
        "type": "Secret Keyword",
        "filename": "packages/docs/docs/developer-guide/quickstart.md",
        "hashed_secret": "ec3810e10fb78db55ce38b9c18d1c3eb1db739e0",
        "is_verified": false,
        "line_number": 25
      },
      {
        "type": "Secret Keyword",
        "filename": "packages/docs/docs/developer-guide/quickstart.md",
        "hashed_secret": "c7a8c334eef5d1749fface7d42c66f9ae5e8cf36",
        "is_verified": false,
        "line_number": 350
      }
    ],
    "packages/docs/docs/reference/api/auth.md": [
      {
        "type": "Secret Keyword",
        "filename": "packages/docs/docs/reference/api/auth.md",
        "hashed_secret": "163021b51d054714da9df83869279266e0b167ec",
        "is_verified": false,
        "line_number": 98
      },
      {
        "type": "Secret Keyword",
        "filename": "packages/docs/docs/reference/api/auth.md",
        "hashed_secret": "5d725a8e341990bbd1cf6ba5713acc541ee67cf4",
        "is_verified": false,
        "line_number": 320
      }
    ],
    "packages/docs/docs/reference/api/chat.md": [
      {
        "type": "Hex High Entropy String",
        "filename": "packages/docs/docs/reference/api/chat.md",
        "hashed_secret": "90bd1b48e958257948487b90bee080ba5ed00caa",
        "is_verified": false,
        "line_number": 41
      }
    ],
    "packages/docs/docs/reference/api/diagnostics.md": [
      {
        "type": "Hex High Entropy String",
        "filename": "packages/docs/docs/reference/api/diagnostics.md",
        "hashed_secret": "ef678205593788329ff416ce5c65fa04f33a05bd",
        "is_verified": false,
        "line_number": 135
      },
      {
        "type": "Hex High Entropy String",
        "filename": "packages/docs/docs/reference/api/diagnostics.md",
        "hashed_secret": "72db2f1a82a876ca863e3c2a138b794cbafb214b",
        "is_verified": false,
        "line_number": 167
      }
    ],
    "packages/docs/docs/reference/api/index.md": [
      {
        "type": "Secret Keyword",
        "filename": "packages/docs/docs/reference/api/index.md",
        "hashed_secret": "0a68cb4dabb173a40d5cd217c6f265903666e5ef",
        "is_verified": false,
        "line_number": 35
      }
    ],
    "packages/docs/docs/reference/api/lexicon.md": [
      {
        "type": "Secret Keyword",
        "filename": "packages/docs/docs/reference/api/lexicon.md",
        "hashed_secret": "fef341f85d87439e7d91a2d465b9871ef66b5e98",
        "is_verified": false,
        "line_number": 158
      }
    ],
    "packages/docs/docs/reference/api/settings.md": [
      {
        "type": "Secret Keyword",
        "filename": "packages/docs/docs/reference/api/settings.md",
        "hashed_secret": "ec3810e10fb78db55ce38b9c18d1c3eb1db739e0",
        "is_verified": false,
        "line_number": 209
      },
      {
        "type": "Secret Keyword",
        "filename": "packages/docs/docs/reference/api/settings.md",
        "hashed_secret": "3be9f957f29f905f10f7b652cab1c95ba8a2c205",
        "is_verified": false,
        "line_number": 228
      }
    ],
    "packages/docs/docs/reference/cli/setup.md": [
      {
        "type": "Secret Keyword",
        "filename": "packages/docs/docs/reference/cli/setup.md",
        "hashed_secret": "ec3810e10fb78db55ce38b9c18d1c3eb1db739e0",
        "is_verified": false,
        "line_number": 138
      }
    ],
    "packages/docs/docs/reference/python/services.md": [
      {
        "type": "Secret Keyword",
        "filename": "packages/docs/docs/reference/python/services.md",
        "hashed_secret": "ec3810e10fb78db55ce38b9c18d1c3eb1db739e0",
        "is_verified": false,
        "line_number": 1521
      }
    ],
    "packages/interface/src/pages/SetupPage/__tests__/useSetupWizard.test.tsx": [
      {
        "type": "Secret Keyword",
        "filename": "packages/interface/src/pages/SetupPage/__tests__/useSetupWizard.test.tsx",
        "hashed_secret": "31d25cab751801fe900c1cfe3bd984252fbe8f1e",
        "is_verified": false,
        "line_number": 44
      }
    ],
    "packages/interface/src/pages/SetupPage/__tests__/wizardHelpers.test.ts": [
      {
        "type": "Secret Keyword",
        "filename": "packages/interface/src/pages/SetupPage/__tests__/wizardHelpers.test.ts",
        "hashed_secret": "3b571f4e135577bc210418e41a27b0df2430e48b",
        "is_verified": false,
        "line_number": 15
      },
      {
        "type": "Secret Keyword",
        "filename": "packages/interface/src/pages/SetupPage/__tests__/wizardHelpers.test.ts",
        "hashed_secret": "6a07b9aedbb57b2d66aa6a730c7f1761e80dfd59",
        "is_verified": false,
        "line_number": 16
      },
      {
        "type": "Secret Keyword",
        "filename": "packages/interface/src/pages/SetupPage/__tests__/wizardHelpers.test.ts",
        "hashed_secret": "e955dc54f16a6d302997ddaa950fefa134c21f37",
        "is_verified": false,
        "line_number": 17
      },
      {
        "type": "Secret Keyword",
        "filename": "packages/interface/src/pages/SetupPage/__tests__/wizardHelpers.test.ts",
        "hashed_secret": "374c48b562369de1cad69ce05c3b72c824023181",
        "is_verified": false,
        "line_number": 19
      },
      {
        "type": "Secret Keyword",
        "filename": "packages/interface/src/pages/SetupPage/__tests__/wizardHelpers.test.ts",
        "hashed_secret": "cc2ed0f2ee1b79eae0c013d895bf9e8d135a5761",
        "is_verified": false,
        "line_number": 20
      }
    ],
    "packages/interface/src/pages/__tests__/SetupPage.test.tsx": [
      {
        "type": "Secret Keyword",
        "filename": "packages/interface/src/pages/__tests__/SetupPage.test.tsx",
        "hashed_secret": "fe72967536aedcae9b1b1e4eaf2c53494e17a638",
        "is_verified": false,
        "line_number": 136
      }
    ],
    "packages/interface/src/pages/settings/components/EmbeddingProviderConfig.tsx": [
      {
        "type": "Secret Keyword",
        "filename": "packages/interface/src/pages/settings/components/EmbeddingProviderConfig.tsx",
        "hashed_secret": "3be9f957f29f905f10f7b652cab1c95ba8a2c205",
        "is_verified": false,
        "line_number": 227
      }
    ],
    "packages/interface/src/pages/settings/components/__tests__/EmbeddingProviderConfig.test.tsx": [
      {
        "type": "Secret Keyword",
        "filename": "packages/interface/src/pages/settings/components/__tests__/EmbeddingProviderConfig.test.tsx",
        "hashed_secret": "3be9f957f29f905f10f7b652cab1c95ba8a2c205",
        "is_verified": false,
        "line_number": 468
      },
      {
        "type": "Secret Keyword",
        "filename": "packages/interface/src/pages/settings/components/__tests__/EmbeddingProviderConfig.test.tsx",
        "hashed_secret": "cba7d8d926ee837cf3f92636a6d1cd0eb397db64",
        "is_verified": false,
        "line_number": 483
      }
    ],
    "packages/neuron/tests/unit/test_settings_sync_coverage.py": [
      {
        "type": "Secret Keyword",
        "filename": "packages/neuron/tests/unit/test_settings_sync_coverage.py",
        "hashed_secret": "25ab86bed149ca6ca9c1c0d5db7c9a91388ddeab",
        "is_verified": false,
        "line_number": 53
      }
    ]
  },
  "generated_at": "2026-08-18T14:38:23Z"
}
